matches snapshot with review deployment:
  1: |
    apiVersion: v1
    kind: Service
    metadata:
      annotations:
        app.gitlab.com/app: bar
        app.gitlab.com/env: foo
      labels:
        app.kubernetes.io/component: postgres
        app.kubernetes.io/instance: my-release
        app.kubernetes.io/managed-by: Helm
        app.kubernetes.io/name: neos-ci
        app.kubernetes.io/version: 1.0.0
        helm.sh/chart: neos-ci-0.1.0
      name: my-release-postgres
    spec:
      ports:
      - name: postgres
        port: 5432
        protocol: TCP
        targetPort: postgres
      selector:
        app.kubernetes.io/component: postgres
        app.kubernetes.io/instance: my-release
        app.kubernetes.io/name: neos-ci
      type: ClusterIP
